:Neptune UI - Center Console.grid_GridView	{container=':Neptune UI - Center Console_QQuickWindowQmlImpl' id='grid' type='GridView' unnamed='1' visible='true'}
:Neptune UI - Center Console.instrumentClusterWindowLoader_Loader	{container=':Neptune UI - Center Console_QQuickWindowQmlImpl' id='instrumentClusterWindowLoader' type='Loader' unnamed='1' visible='true'}
:Neptune UI - Center Console.leftIcon_ToolButton	{checkable='false' container=':Neptune UI - Center Console_QQuickWindowQmlImpl' id='leftIcon' type='ToolButton' unnamed='1' visible='true'}
:Neptune UI - Center Console.leftTempSlider_TemperatureSlider	{container=':Neptune UI - Center Console_QQuickWindowQmlImpl' id='leftTempSlider' type='TemperatureSlider' unnamed='1' visible='true'}
:Neptune UI - Center Console.rightTempSlider_TemperatureSlider	{container=':Neptune UI - Center Console_QQuickWindowQmlImpl' id='rightTempSlider' type='TemperatureSlider' unnamed='1' visible='true'}
:Neptune UI - Center Console.root_ClimatePopup	{container=':Neptune UI - Center Console_QQuickWindowQmlImpl' id='root' type='ClimatePopup' unnamed='1' visible='true'}
:Neptune UI - Center Console_QQuickWindowQmlImpl	{title='Neptune UI - Center Console' type='QQuickWindowQmlImpl' unnamed='1' visible='true'}
:Neptune UI - Instrument Cluster_QQuickWindowQmlImpl	{title='Neptune UI - Instrument Cluster' type='QQuickWindowQmlImpl' unnamed='1' visible='true' window=':_QVariant'}
:_QVariant	{type='QVariant'}
